WARNING: A restricted method in java.lang.System has been called
WARNING: java.lang.System::load has been called by org.fusesource.jansi.internal.JansiLoader in an unnamed module (file:/Users/bennet/.m2/wrapper/dists/apache-maven-3.9.6/a53741d1/lib/jansi-2.4.0.jar)
WARNING: Use --enable-native-access=ALL-UNNAMED to avoid a warning for callers in this module
WARNING: Restricted methods will be blocked in a future release unless native access is enabled

WARNING: A terminally deprecated method in sun.misc.Unsafe has been called
WARNING: sun.misc.Unsafe::objectFieldOffset has been called by com.google.common.util.concurrent.AbstractFuture$UnsafeAtomicHelper (file:/Users/bennet/.m2/wrapper/dists/apache-maven-3.9.6/a53741d1/lib/guava-32.0.1-jre.jar)
WARNING: Please consider reporting this to the maintainers of class com.google.common.util.concurrent.AbstractFuture$UnsafeAtomicHelper
WARNING: sun.misc.Unsafe::objectFieldOffset will be removed in a future release
[INFO] Scanning for projects...
[INFO] 
[INFO] -----------------------< de.skillspot:skillspot >-----------------------
[INFO] Building skillspot 0.0.1-SNAPSHOT
[INFO]   from pom.xml
[INFO] --------------------------------[ jar ]---------------------------------
[INFO] 
[INFO] >>> spring-boot:4.0.0:run (default-cli) > test-compile @ skillspot >>>
[INFO] 
[INFO] --- resources:3.3.1:resources (default-resources) @ skillspot ---
[INFO] Copying 1 resource from src/main/resources to target/classes
[INFO] Copying 9 resources from src/main/resources to target/classes
[INFO] 
[INFO] --- compiler:3.14.1:compile (default-compile) @ skillspot ---
[INFO] Nothing to compile - all classes are up to date.
[INFO] 
[INFO] --- resources:3.3.1:testResources (default-testResources) @ skillspot ---
[INFO] skip non existing resourceDirectory /Users/bennet/Downloads/Skillspot-Backend/src/test/resources
[INFO] 
[INFO] --- compiler:3.14.1:testCompile (default-testCompile) @ skillspot ---
[INFO] Nothing to compile - all classes are up to date.
[INFO] 
[INFO] <<< spring-boot:4.0.0:run (default-cli) < test-compile @ skillspot <<<
[INFO] 
[INFO] 
[INFO] --- spring-boot:4.0.0:run (default-cli) @ skillspot ---
[INFO] Attaching agents: []

  .   ____          _            __ _ _
 /\\ / ___'_ __ _ _(_)_ __  __ _ \ \ \ \
( ( )\___ | '_ | '_| | '_ \/ _` | \ \ \ \
 \\/  ___)| |_)| | | | | || (_| |  ) ) ) )
  '  |____| .__|_| |_|_| |_\__, | / / / /
 =========|_|==============|___/=/_/_/_/

 :: Spring Boot ::                (v4.0.0)

2026-01-24T11:49:03.390+01:00  INFO 19353 --- [skillspot] [           main] de.skillspot.SkillspotApplication        : Starting SkillspotApplication using Java 25 with PID 19353 (/Users/bennet/Downloads/Skillspot-Backend/target/classes started by bennet in /Users/bennet/Downloads/Skillspot-Backend)
2026-01-24T11:49:03.392+01:00  INFO 19353 --- [skillspot] [           main] de.skillspot.SkillspotApplication        : No active profile set, falling back to 1 default profile: "default"
2026-01-24T11:49:03.788+01:00  INFO 19353 --- [skillspot] [           main] .s.d.r.c.RepositoryConfigurationDelegate : Bootstrapping Spring Data JPA repositories in DEFAULT mode.
2026-01-24T11:49:03.813+01:00  INFO 19353 --- [skillspot] [           main] .s.d.r.c.RepositoryConfigurationDelegate : Finished Spring Data repository scanning in 21 ms. Found 2 JPA repository interfaces.
2026-01-24T11:49:04.036+01:00  INFO 19353 --- [skillspot] [           main] o.s.boot.tomcat.TomcatWebServer          : Tomcat initialized with port 8082 (http)
2026-01-24T11:49:04.043+01:00  INFO 19353 --- [skillspot] [           main] o.apache.catalina.core.StandardService   : Starting service [Tomcat]
2026-01-24T11:49:04.044+01:00  INFO 19353 --- [skillspot] [           main] o.apache.catalina.core.StandardEngine    : Starting Servlet engine: [Apache Tomcat/11.0.14]
2026-01-24T11:49:04.070+01:00  INFO 19353 --- [skillspot] [           main] b.w.c.s.WebApplicationContextInitializer : Root WebApplicationContext: initialization completed in 654 ms
2026-01-24T11:49:04.141+01:00  INFO 19353 --- [skillspot] [           main] com.zaxxer.hikari.HikariDataSource       : HikariPool-1 - Starting...
2026-01-24T11:49:04.282+01:00  INFO 19353 --- [skillspot] [           main] com.zaxxer.hikari.pool.HikariPool        : HikariPool-1 - Added connection org.postgresql.jdbc.PgConnection@60fc7f43
2026-01-24T11:49:04.282+01:00  INFO 19353 --- [skillspot] [           main] com.zaxxer.hikari.HikariDataSource       : HikariPool-1 - Start completed.
2026-01-24T11:49:04.298+01:00  INFO 19353 --- [skillspot] [           main] o.hibernate.jpa.internal.util.LogHelper  : HHH000204: Processing PersistenceUnitInfo [name: default]
2026-01-24T11:49:04.328+01:00  INFO 19353 --- [skillspot] [           main] org.hibernate.Version                    : HHH000412: Hibernate ORM core version 7.1.8.Final
2026-01-24T11:49:04.694+01:00  INFO 19353 --- [skillspot] [           main] o.s.o.j.p.SpringPersistenceUnitInfo      : No LoadTimeWeaver setup: ignoring JPA class transformer
2026-01-24T11:49:04.744+01:00  INFO 19353 --- [skillspot] [           main] org.hibernate.orm.connections.pooling    : HHH10001005: Database info:
	Database JDBC URL [jdbc:postgresql://localhost:6000/postgres?currentSchema=skillspot]
	Database driver: PostgreSQL JDBC Driver
	Database dialect: PostgreSQLDialect
	Database version: 17.7
	Default catalog/schema: postgres/skillspot
	Autocommit mode: undefined/unknown
	Isolation level: READ_COMMITTED [default READ_COMMITTED]
	JDBC fetch size: none
	Pool: DatasourceConnectionProviderImpl
	Minimum pool size: undefined/unknown
	Maximum pool size: undefined/unknown
2026-01-24T11:49:05.206+01:00  INFO 19353 --- [skillspot] [           main] o.h.e.t.j.p.i.JtaPlatformInitiator       : HHH000489: No JTA platform available (set 'hibernate.transaction.jta.platform' to enable JTA platform integration)
2026-01-24T11:49:05.210+01:00  INFO 19353 --- [skillspot] [           main] j.LocalContainerEntityManagerFactoryBean : Initialized JPA EntityManagerFactory for persistence unit 'default'
2026-01-24T11:49:05.257+01:00  INFO 19353 --- [skillspot] [           main] o.s.d.j.r.query.QueryEnhancerFactories   : Hibernate is in classpath; If applicable, HQL parser will be used.
2026-01-24T11:49:05.683+01:00  WARN 19353 --- [skillspot] [           main] JpaBaseConfiguration$JpaWebConfiguration : spring.jpa.open-in-view is enabled by default. Therefore, database queries may be performed during view rendering. Explicitly configure spring.jpa.open-in-view to disable this warning
2026-01-24T11:49:06.786+01:00  INFO 19353 --- [skillspot] [           main] o.s.boot.tomcat.TomcatWebServer          : Tomcat started on port 8082 (http) with context path '/'
2026-01-24T11:49:06.790+01:00  INFO 19353 --- [skillspot] [           main] de.skillspot.SkillspotApplication        : Started SkillspotApplication in 3.555 seconds (process running for 3.722)
2026-01-24T11:49:14.966+01:00  INFO 19353 --- [skillspot] [ionShutdownHook] o.s.boot.tomcat.GracefulShutdown         : Commencing graceful shutdown. Waiting for active requests to complete
2026-01-24T11:49:14.975+01:00  INFO 19353 --- [skillspot] [tomcat-shutdown] o.s.boot.tomcat.GracefulShutdown         : Graceful shutdown complete
2026-01-24T11:49:14.992+01:00  INFO 19353 --- [skillspot] [ionShutdownHook] j.LocalContainerEntityManagerFactoryBean : Closing JPA EntityManagerFactory for persistence unit 'default'
2026-01-24T11:49:14.998+01:00  INFO 19353 --- [skillspot] [ionShutdownHook] com.zaxxer.hikari.HikariDataSource       : HikariPool-1 - Shutdown initiated...
2026-01-24T11:49:15.003+01:00  INFO 19353 --- [skillspot] [ionShutdownHook] com.zaxxer.hikari.HikariDataSource       : HikariPool-1 - Shutdown completed.
